root = 14112014
branch[0] = 14112137
root = 14112137
branch[1] = 14112357
root = 14112357
branch[0] = 14112897
root = 14112897
